// Jest Snapshot v1, https://goo.gl/fbAQLP

exports[`ODatepicker render correctly 1`] = `
<div class="o-dpck">
    <o-dropdown-stub maxheight="200" mobilemodal="true" ariarole="dialog" animation="fade" trapfocus="true" closeonclick="true" canclose="true" triggers="click" appendtobodycopyparent="true" aria-modal="true">
        <o-dropdown-item-stub override="true" tabindex="0" ariarole="">
            <div class="o-dpck__box">
                <header class="o-dpck__header">
                    <div class="o-dpck__header__buttons"><a role="button" href="#" class="o-dpck__header__previous">
                            <o-icon-stub icon="chevron-left" clickable="true" both="true"></o-icon-stub>
                        </a> <a role="button" href="#" class="o-dpck__header__next">
                            <o-icon-stub icon="chevron-right" clickable="true" both="true"></o-icon-stub>
                        </a>
                        <div class="o-dpck__header__list">
                            <o-field-stub addons="true">
                                <o-select-stub usehtml5validation="true" statusicon="true" value="7" iconright="caret-down">
                                    <option value="0">
                                        January
                                    </option>
                                    <option value="1">
                                        February
                                    </option>
                                    <option value="2">
                                        March
                                    </option>
                                    <option value="3">
                                        April
                                    </option>
                                    <option value="4">
                                        May
                                    </option>
                                    <option value="5">
                                        June
                                    </option>
                                    <option value="6">
                                        July
                                    </option>
                                    <option value="7">
                                        August
                                    </option>
                                    <option value="8">
                                        September
                                    </option>
                                    <option value="9">
                                        October
                                    </option>
                                    <option value="10">
                                        November
                                    </option>
                                    <option value="11">
                                        December
                                    </option>
                                </o-select-stub>
                                <o-select-stub usehtml5validation="true" statusicon="true" value="2018" iconright="caret-down">
                                    <option value="2028">
                                        2028
                                    </option>
                                    <option value="2027">
                                        2027
                                    </option>
                                    <option value="2026">
                                        2026
                                    </option>
                                    <option value="2025">
                                        2025
                                    </option>
                                    <option value="2024">
                                        2024
                                    </option>
                                    <option value="2023">
                                        2023
                                    </option>
                                    <option value="2022">
                                        2022
                                    </option>
                                    <option value="2021">
                                        2021
                                    </option>
                                    <option value="2020">
                                        2020
                                    </option>
                                    <option value="2019">
                                        2019
                                    </option>
                                    <option value="2018">
                                        2018
                                    </option>
                                    <option value="2017">
                                        2017
                                    </option>
                                    <option value="2016">
                                        2016
                                    </option>
                                    <option value="2015">
                                        2015
                                    </option>
                                    <option value="2014">
                                        2014
                                    </option>
                                    <option value="2013">
                                        2013
                                    </option>
                                    <option value="2012">
                                        2012
                                    </option>
                                    <option value="2011">
                                        2011
                                    </option>
                                    <option value="2010">
                                        2010
                                    </option>
                                    <option value="2009">
                                        2009
                                    </option>
                                    <option value="2008">
                                        2008
                                    </option>
                                    <option value="2007">
                                        2007
                                    </option>
                                    <option value="2006">
                                        2006
                                    </option>
                                    <option value="2005">
                                        2005
                                    </option>
                                    <option value="2004">
                                        2004
                                    </option>
                                    <option value="2003">
                                        2003
                                    </option>
                                    <option value="2002">
                                        2002
                                    </option>
                                    <option value="2001">
                                        2001
                                    </option>
                                    <option value="2000">
                                        2000
                                    </option>
                                    <option value="1999">
                                        1999
                                    </option>
                                    <option value="1998">
                                        1998
                                    </option>
                                    <option value="1997">
                                        1997
                                    </option>
                                    <option value="1996">
                                        1996
                                    </option>
                                    <option value="1995">
                                        1995
                                    </option>
                                    <option value="1994">
                                        1994
                                    </option>
                                    <option value="1993">
                                        1993
                                    </option>
                                    <option value="1992">
                                        1992
                                    </option>
                                    <option value="1991">
                                        1991
                                    </option>
                                    <option value="1990">
                                        1990
                                    </option>
                                    <option value="1989">
                                        1989
                                    </option>
                                    <option value="1988">
                                        1988
                                    </option>
                                    <option value="1987">
                                        1987
                                    </option>
                                    <option value="1986">
                                        1986
                                    </option>
                                    <option value="1985">
                                        1985
                                    </option>
                                    <option value="1984">
                                        1984
                                    </option>
                                    <option value="1983">
                                        1983
                                    </option>
                                    <option value="1982">
                                        1982
                                    </option>
                                    <option value="1981">
                                        1981
                                    </option>
                                    <option value="1980">
                                        1980
                                    </option>
                                    <option value="1979">
                                        1979
                                    </option>
                                    <option value="1978">
                                        1978
                                    </option>
                                    <option value="1977">
                                        1977
                                    </option>
                                    <option value="1976">
                                        1976
                                    </option>
                                    <option value="1975">
                                        1975
                                    </option>
                                    <option value="1974">
                                        1974
                                    </option>
                                    <option value="1973">
                                        1973
                                    </option>
                                    <option value="1972">
                                        1972
                                    </option>
                                    <option value="1971">
                                        1971
                                    </option>
                                    <option value="1970">
                                        1970
                                    </option>
                                    <option value="1969">
                                        1969
                                    </option>
                                    <option value="1968">
                                        1968
                                    </option>
                                    <option value="1967">
                                        1967
                                    </option>
                                    <option value="1966">
                                        1966
                                    </option>
                                    <option value="1965">
                                        1965
                                    </option>
                                    <option value="1964">
                                        1964
                                    </option>
                                    <option value="1963">
                                        1963
                                    </option>
                                    <option value="1962">
                                        1962
                                    </option>
                                    <option value="1961">
                                        1961
                                    </option>
                                    <option value="1960">
                                        1960
                                    </option>
                                    <option value="1959">
                                        1959
                                    </option>
                                    <option value="1958">
                                        1958
                                    </option>
                                    <option value="1957">
                                        1957
                                    </option>
                                    <option value="1956">
                                        1956
                                    </option>
                                    <option value="1955">
                                        1955
                                    </option>
                                    <option value="1954">
                                        1954
                                    </option>
                                    <option value="1953">
                                        1953
                                    </option>
                                    <option value="1952">
                                        1952
                                    </option>
                                    <option value="1951">
                                        1951
                                    </option>
                                    <option value="1950">
                                        1950
                                    </option>
                                    <option value="1949">
                                        1949
                                    </option>
                                    <option value="1948">
                                        1948
                                    </option>
                                    <option value="1947">
                                        1947
                                    </option>
                                    <option value="1946">
                                        1946
                                    </option>
                                    <option value="1945">
                                        1945
                                    </option>
                                    <option value="1944">
                                        1944
                                    </option>
                                    <option value="1943">
                                        1943
                                    </option>
                                    <option value="1942">
                                        1942
                                    </option>
                                    <option value="1941">
                                        1941
                                    </option>
                                    <option value="1940">
                                        1940
                                    </option>
                                    <option value="1939">
                                        1939
                                    </option>
                                    <option value="1938">
                                        1938
                                    </option>
                                    <option value="1937">
                                        1937
                                    </option>
                                    <option value="1936">
                                        1936
                                    </option>
                                    <option value="1935">
                                        1935
                                    </option>
                                    <option value="1934">
                                        1934
                                    </option>
                                    <option value="1933">
                                        1933
                                    </option>
                                    <option value="1932">
                                        1932
                                    </option>
                                    <option value="1931">
                                        1931
                                    </option>
                                    <option value="1930">
                                        1930
                                    </option>
                                    <option value="1929">
                                        1929
                                    </option>
                                    <option value="1928">
                                        1928
                                    </option>
                                    <option value="1927">
                                        1927
                                    </option>
                                    <option value="1926">
                                        1926
                                    </option>
                                    <option value="1925">
                                        1925
                                    </option>
                                    <option value="1924">
                                        1924
                                    </option>
                                    <option value="1923">
                                        1923
                                    </option>
                                    <option value="1922">
                                        1922
                                    </option>
                                    <option value="1921">
                                        1921
                                    </option>
                                    <option value="1920">
                                        1920
                                    </option>
                                    <option value="1919">
                                        1919
                                    </option>
                                    <option value="1918">
                                        1918
                                    </option>
                                </o-select-stub>
                            </o-field-stub>
                        </div>
                    </div>
                </header>
                <o-datepicker-table-stub daynames="Su,M,Tu,W,Th,F,S" monthnames="January,February,March,April,May,June,July,August,September,October,November,December" firstdayofweek="0" indicators="dots" focused="[object Object]" datecreator="() => {
          /* istanbul ignore next */
          cov_10fx0riw4s.f[13]++;
          const dateCreator =
          /* istanbul ignore next */
          (cov_10fx0riw4s.s[57]++, (0, _helpers.getValueByPath)(_config.default, 'datepicker.dateCreator', undefined));

          /* istanbul ignore next */
          cov_10fx0riw4s.s[58]++;

          if (typeof dateCreator === 'function') {
            /* istanbul ignore next */
            cov_10fx0riw4s.b[22][0]++;
            cov_10fx0riw4s.s[59]++;
            return dateCreator();
          } else {
            /* istanbul ignore next */
            cov_10fx0riw4s.b[22][1]++;
            cov_10fx0riw4s.s[60]++;
            return new Date();
          }
        }" nearbymonthdays="true" rulesforfirstweek="4"></o-datepicker-table-stub>
            </div>
            <!---->
        </o-dropdown-item-stub>
    </o-dropdown-stub>
</div>
`;
