// Jest Snapshot v1, https://goo.gl/fbAQLP

exports[`ODatepickerTable render correctly 1`] = `
<section class="o-dpck__table">
    <header class="o-dpck__table__head">
        <div class="o-dpck__table__head-cell o-dpck__table__cell"><span>Su</span></div>
        <div class="o-dpck__table__head-cell o-dpck__table__cell"><span>M</span></div>
        <div class="o-dpck__table__head-cell o-dpck__table__cell"><span>Tu</span></div>
        <div class="o-dpck__table__head-cell o-dpck__table__cell"><span>W</span></div>
        <div class="o-dpck__table__head-cell o-dpck__table__cell"><span>Th</span></div>
        <div class="o-dpck__table__head-cell o-dpck__table__cell"><span>F</span></div>
        <div class="o-dpck__table__head-cell o-dpck__table__cell"><span>S</span></div>
    </header>
    <div class="o-dpck__table__body"></div>
</section>
`;
