// Jest Snapshot v1, https://goo.gl/fbAQLP

exports[`OInputitems render correctly 1`] = `
<div class="o-inputit">
    <div class="o-inputit__container">
        <o-autocomplete-stub usehtml5validation="true" statusicon="true" value="" data="" field="value" menuposition="auto" animation="fade" confirmkeys=",,Tab,Enter" rootclass="o-inputit__autocomplete" inputclasses="[object Object]"></o-autocomplete-stub>
    </div>
    <!---->
</div>
`;
