// Jest Snapshot v1, https://goo.gl/fbAQLP

exports[`OTabs render correctly 1`] = `
<div class="o-tabs">
    <nav role="tablist" aria-orientation="horizontal" class="o-tabs__nav o-tabs__nav--default">
        <div role="tab" aria-controls="tab1-content" aria-selected="true" class="o-tabs__nav-item-wrapper"><button class="o-tabs__nav-item o-tabs__nav-item-default--active o-tabs__nav-item-default">
                <!----> <span class="o-tabs__nav-item-text"></span>
            </button></div>
        <div role="tab" aria-controls="tab2-content" aria-selected="false" class="o-tabs__nav-item-wrapper" style="display: none;"><button class="o-tabs__nav-item o-tabs__nav-item-default">
                <!----> <span class="o-tabs__nav-item-text"></span>
            </button></div>
    </nav>
    <section role="tabpanel" class="o-tabs__content">
        <div class="o-tab-item__content" id="tab-tab1"></div>
        <div class="o-tab-item__content" id="tab-tab2" style="display: none;"></div>
    </section>
</div>
`;

exports[`OTabs still renders if there is no item 1`] = `
<div class="o-tabs">
    <nav role="tablist" aria-orientation="horizontal" class="o-tabs__nav o-tabs__nav--default"> </nav>
    <section role="tabpanel" class="o-tabs__content"></section>
</div>
`;
