// Vitest Snapshot v1, https://vitest.dev/guide/snapshot.html

exports[`OTabs tests > render correctly 1`] = `
"<div class="o-tabs" data-oruga="tabs">
  <nav class="o-tabs__nav o-tabs__nav--default" role="tablist" aria-orientation="horizontal">
    <!--
                @slot Additional slot before tabs
            -->
    <!--
                @slot Additional slot after tabs
            -->
  </nav>
  <section class="o-tabs__content">
    <!--
                @slot Place tab items here
            -->
  </section>
</div>"
`;
