// Vitest Snapshot v1, https://vitest.dev/guide/snapshot.html

exports[`OTab with OTabItem tests > test render correctly 1`] = `
"<div class="o-tabs" data-oruga="tabs">
  <nav class="o-tabs__nav o-tabs__nav--default" role="tablist" aria-orientation="horizontal">
    <!--
                @slot Additional slot before tabs
            -->
    <!--
                @slot Additional slot after tabs
            -->
  </nav>
  <section class="o-tabs__content">
    <!--
                @slot Place tab items here
            -->
    <transition-stub appear="false" persisted="false" css="true">
      <div id="tabpanel-1" class="o-tabs__panel" data-id="tabs-1" data-oruga="tabs-item" aria-labelledby="tab-1" aria-roledescription="item">
        <!-- 
                    @slot Tab item content
                -->
        <!-- injected component -->
        <!-- default content prop -->ABC
        <!--
                    Do not render these slots here.
                    These are only for documentation purposes.
                    Slots are defined in tabs component.
                -->
        <!--v-if-->
      </div>
    </transition-stub>
  </section>
</div>"
`;
