// Jest Snapshot v1, https://goo.gl/fbAQLP

exports[`OCheckbox render correctly 1`] = `<label class="o-chk"><input type="checkbox" true-value="true" class="o-chk__check" value="false"> <span class="o-chk__label"></span></label>`;
