// Jest Snapshot v1, https://goo.gl/fbAQLP

exports[`OTabItem render correctly 1`] = `<div class="o-tab-item__content" style="display: none;"></div>`;
