// Jest Snapshot v1, https://goo.gl/fbAQLP

exports[`OTabs render correctly 1`] = `
<div class="o-tabs">
    <nav class="o-tabs__nav">
        <div class="o-tabs__nav-item-wrapper"><button class="o-tabs__nav-item-default o-tabs__nav-item-default--active o-tabs__nav-item-default">
                <!----> <span class="o-tabs__nav-item-text"></span>
            </button></div>
        <div class="o-tabs__nav-item-wrapper" style="display: none;"><button class="o-tabs__nav-item-default o-tabs__nav-item-default">
                <!----> <span class="o-tabs__nav-item-text"></span>
            </button></div>
    </nav>
    <section class="o-tabs__content o-tabs__content--transitioning">
        <div class="o-tab-item__content v-enter v-enter-active" style=""></div>
        <div class="o-tab-item__content" style="display: none;"></div>
    </section>
</div>
`;

exports[`OTabs still renders if there is no item 1`] = `
<div class="o-tabs">
    <nav class="o-tabs__nav"></nav>
    <section class="o-tabs__content"></section>
</div>
`;
