// Jest Snapshot v1, https://goo.gl/fbAQLP

exports[`OStepItem render correctly 1`] = `<div class="o-steps__item" style="display: none;"></div>`;
