// Vitest Snapshot v1, https://vitest.dev/guide/snapshot.html

exports[`Menu integration tests > render correctly 1`] = `
"<div data-oruga="menu" class="o-menu">
  <div class="o-menu__label">
    <!-- 
                @slot Override icon and label
            -->
  </div>
  <ul class="o-menu__list" role="menu">
    <!--
                @slot Place menu items here 
            -->
    <li role="menuitem" class="o-menu__item__wrapper" data-id="menu-1" data-oruga="menu-item" aria-roledescription="item"><button class="o-menu__item o-menu__item--icon-text" role="button"><span class="o-icon" data-oruga="icon"><!-- custom icon component --><!-- native css icon --><i class="mdi mdi-user mdi-24px"></i></span>
        <!-- 
                @slot Override label
                @binding {boolean} expanded - item expanded state
                @binding {boolean} active - item active state
            --><span>label1</span>
      </button><!-- sub menu items -->
      <!--v-if-->
    </li>
    <li role="menuitem" class="o-menu__item__wrapper" data-id="menu-2" data-oruga="menu-item" aria-roledescription="item"><button class="o-menu__item o-menu__item--icon-text" role="button"><span class="o-icon" data-oruga="icon"><!-- custom icon component --><!-- native css icon --><i class="mdi mdi-mobile mdi-24px"></i></span>
        <!-- 
                @slot Override label
                @binding {boolean} expanded - item expanded state
                @binding {boolean} active - item active state
            --><span>label2</span>
      </button><!-- sub menu items -->
      <!--v-if-->
    </li>
  </ul>
</div>"
`;
