// Jest Snapshot v1, https://goo.gl/fbAQLP

exports[`OMenuList render correctly 1`] = `
<div>
    <div>
        <div class="o-menu-label">
            <!----> <span>Test</span>
        </div>
        <ul class="o-menu-list"></ul>
    </div>
</div>
`;
