// Jest Snapshot v1, https://goo.gl/fbAQLP

exports[`OSlider render correctly 1`] = `
<div class="o-slider o-color-primary">
    <div class="o-slider-track">
        <div class="o-slider-fill" style="width: 0%; left: 0%;"></div>
        <!---->
        <o-slider-thumb-stub value="0" modelvalue="0" variant="primary" tooltip="true" role="slider" aria-valuenow="0" aria-valuemin="0" aria-valuemax="100" aria-orientation="horizontal"></o-slider-thumb-stub>
        <!---->
    </div>
</div>
`;
