// Jest Snapshot v1, https://goo.gl/fbAQLP

exports[`OSliderThumb render correctly 1`] = `
<div class="o-slide__thumb-wrapper" style="left: 0%;">
    <div class="o-tip">
        <div class="o-tip__content o-tip__content--top" style="display: none;"><span class="o-tip__arrow o-tip__arrow--top"></span> 0</div>
        <div class="o-tip__trigger">
            <div tabindex="0" role="slider" aria-valuenow="0" aria-valuemin="0" aria-valuemax="100" aria-orientation="horizontal" class="o-slide__thumb">
                <!---->
            </div>
        </div>
    </div>
</div>
`;
