// Jest Snapshot v1, https://goo.gl/fbAQLP

exports[`ODropdown render correctly 1`] = `
<div class="o-drop">
    <div role="button" aria-haspopup="true" class="o-drop__trigger"><button class="trigger">trigger</button></div>
    <transition-stub name="fade">
        <div aria-hidden="true" class="o-drop__overlay" style="display: none;"></div>
    </transition-stub>
    <transition-stub name="fade">
        <div aria-hidden="true" class="o-drop__menu" style="display: none;"></div>
    </transition-stub>
</div>
`;
