// Vitest Snapshot v1, https://vitest.dev/guide/snapshot.html

exports[`BTag > render correctly 1`] = `
"<div data-oruga="tag" class="o-tag">
  <!--v-if--><span class="o-tag__label"><!--
                @slot Override the tag label
            -->My Tag</span>
  <!--
            @slot Override the close icon
            @binding {close()} close - close function
        -->
  <!--v-if-->
</div>"
`;

exports[`OTag tests > render correctly 1`] = `
"<div data-oruga="tag" class="o-tag">
  <!--v-if--><span class="o-tag__label"><!--
                @slot Override the tag label
            -->My Tag</span>
  <!--
            @slot Override the close icon
            @binding {close()} close - close function
        -->
  <!--v-if-->
</div>"
`;
