// Jest Snapshot v1, https://goo.gl/fbAQLP

exports[`ODropdown render correctly 1`] = `
<div class="o-dropdown o-dropdown-mobile">
    <div role="button" aria-haspopup="true" class="o-dropdown-trigger"></div>
    <transition-stub name="fade">
        <div aria-hidden="true" class="o-dropdown-background" style="display: none;"></div>
    </transition-stub>
    <transition-stub name="fade">
        <div aria-hidden="true" class="o-dropdown-menu o-dropdown-menu-animation" style="display: none;"></div>
    </transition-stub>
</div>
`;
