// Jest Snapshot v1, https://goo.gl/fbAQLP

exports[`OLoading active render correctly 1`] = `
<transition-stub name="fade">
    <div class="o-load o-load--fullpage">
        <div class="o-load__overlay"></div>
        <o-icon-stub icon="sync-alt" size="medium" spin="true" class="o-load__icon o-load__icon--fullpage"></o-icon-stub>
    </div>
</transition-stub>
`;
