// Jest Snapshot v1, https://goo.gl/fbAQLP

exports[`OTable render correctly 1`] = `
<div class="o-table__root">
    <div style="display: none;"></div>
    <!---->
    <!---->
    <div class="o-table__wrapper">
        <table class="o-table o-table--table__empty">
            <!---->
            <!---->
            <tbody>
                <tr>
                    <td colspan="0"></td>
                </tr>
            </tbody>
            <!---->
        </table>
        <o-loading-stub animation="fade" oncancel="() => {
          /* istanbul ignore next */
          cov_2jtz8vshvv.f[3]++;
        }" icon="loading" iconspin="true" iconsize="medium" overlay="true"></o-loading-stub>
    </div>
    <!---->
</div>
`;
