// Jest Snapshot v1, https://goo.gl/fbAQLP

exports[`OSlider render correctly 1`] = `
<div class="o-slide">
    <div class="o-slide__track">
        <div class="o-slide__fill o-slide__fill--primary" style="width: 0%; left: 0%;"></div>
        <!---->
        <o-slider-thumb-stub value="0" variant="primary" tooltip="true" format="raw" role="slider" aria-valuenow="0" aria-valuemin="0" aria-valuemax="100" aria-orientation="horizontal"></o-slider-thumb-stub>
        <!---->
    </div>
</div>
`;
