// Jest Snapshot v1, https://goo.gl/fbAQLP

exports[`OSliderTick render correctly 1`] = `
<div class="o-slide__tick o-slide__tick--hidden" style="left: 0%;">
    <!---->
</div>
`;
