// Vitest Snapshot v1, https://vitest.dev/guide/snapshot.html

exports[`ProgrammaticComponent tests > test render simple div correctly 1`] = `"<div data-oruga="programmatic"></div>"`;
