// Jest Snapshot v1, https://goo.gl/fbAQLP

exports[`OSelect render correctly 1`] = `
<div class="o-ctrl-sel"><select class="o-sel o-sel-iconspace-right o-sel--placeholder">
        <!---->
    </select>
    <!---->
    <o-icon-stub icon="caret-down" both="true" class="o-sel__icon-right"></o-icon-stub>
</div>
`;
