// Vitest Snapshot v1, https://vitest.dev/guide/snapshot.html

exports[`OSwitch tests > render correctly 1`] = `
"<label class="o-switch o-switch--right" data-oruga="switch" role="switch" aria-checked="false"><input type="checkbox" role="switch" data-oruga-input="switch" class="o-switch__input" autocomplete="off" true-value="true" false-value="false"><span class="o-switch__check o-switch--rounded"><span class="o-switch__check-switch o-switch--rounded"></span></span>
  <!--v-if-->
</label>"
`;
