// Jest Snapshot v1, https://goo.gl/fbAQLP

exports[`OUpload render correctly 1`] = `<label class="o-upload"> <input type="file"></label>`;
