// Jest Snapshot v1, https://goo.gl/fbAQLP

exports[`OSteps render correctly 1`] = `
<div class="o-steps-wrapper">
    <nav class="o-steps o-steps-label-bottom o-steps-animated o-steps-rounded o-steps-mobile-minimalist">
        <ul class="o-step-items">
            <li class="o-step-item o-step-item-active"><a class="o-step-link">
                    <div class="o-step-marker">
                        <!---->
                    </div>
                    <div class="o-step-details"><span class="o-step-title"></span></div>
                </a></li>
            <li class="o-step-item" style="display: none;"><a class="o-step-link">
                    <div class="o-step-marker">
                        <!---->
                    </div>
                    <div class="o-step-details"><span class="o-step-title"></span></div>
                </a></li>
            <li class="o-step-item"><a class="o-step-link">
                    <div class="o-step-marker">
                        <!---->
                    </div>
                    <div class="o-step-details"><span class="o-step-title"></span></div>
                </a></li>
        </ul>
    </nav>
    <section class="o-step-content o-step-content-transitioning">
        <div class="o-step-item v-enter v-enter-active" style=""></div>
        <div class="o-step-item" style="display: none;"></div>
        <div class="o-step-item" style="display: none;"></div>
    </section>
    <nav class="o-step-navigation"><button type="button" role="button" class="o-button o-button-disabled"><span class="o-icon"><i class="mdi mdi-chevron-left mdi-24px"></i></span>
            <!---->
            <!---->
        </button> <button type="button" role="button" class="o-button"><span class="o-icon"><i class="mdi mdi-chevron-right mdi-24px"></i></span>
            <!---->
            <!---->
        </button></nav>
</div>
`;
